Archive member included to satisfy reference by file (symbol)

C:/ST/STM32CubeIDE_1.14.0/STM32CubeIDE/plugins/com.st.stm32cube.ide.mcu.externaltools.gnu-tools-for-stm32.11.3.rel1.win32_1.1.100.202309141235/tools/bin/../lib/gcc/arm-none-eabi/11.3.1/../../../../arm-none-eabi/lib/thumb/v7e-m+fp/hard\libc_nano.a(libc_a-exit.o)
                              C:/ST/STM32CubeIDE_1.14.0/STM32CubeIDE/plugins/com.st.stm32cube.ide.mcu.externaltools.gnu-tools-for-stm32.11.3.rel1.win32_1.1.100.202309141235/tools/bin/../lib/gcc/arm-none-eabi/11.3.1/../../../../arm-none-eabi/lib/thumb/v7e-m+fp/hard/crt0.o (exit)
C:/ST/STM32CubeIDE_1.14.0/STM32CubeIDE/plugins/com.st.stm32cube.ide.mcu.externaltools.gnu-tools-for-stm32.11.3.rel1.win32_1.1.100.202309141235/tools/bin/../lib/gcc/arm-none-eabi/11.3.1/../../../../arm-none-eabi/lib/thumb/v7e-m+fp/hard\libc_nano.a(libc_a-findfp.o)
                              C:/ST/STM32CubeIDE_1.14.0/STM32CubeIDE/plugins/com.st.stm32cube.ide.mcu.externaltools.gnu-tools-for-stm32.11.3.rel1.win32_1.1.100.202309141235/tools/bin/../lib/gcc/arm-none-eabi/11.3.1/../../../../arm-none-eabi/lib/thumb/v7e-m+fp/hard\libc_nano.a(libc_a-exit.o) (__stdio_exit_handler)
C:/ST/STM32CubeIDE_1.14.0/STM32CubeIDE/plugins/com.st.stm32cube.ide.mcu.externaltools.gnu-tools-for-stm32.11.3.rel1.win32_1.1.100.202309141235/tools/bin/../lib/gcc/arm-none-eabi/11.3.1/../../../../arm-none-eabi/lib/thumb/v7e-m+fp/hard\libc_nano.a(libc_a-fwalk.o)
                              C:/ST/STM32CubeIDE_1.14.0/STM32CubeIDE/plugins/com.st.stm32cube.ide.mcu.externaltools.gnu-tools-for-stm32.11.3.rel1.win32_1.1.100.202309141235/tools/bin/../lib/gcc/arm-none-eabi/11.3.1/../../../../arm-none-eabi/lib/thumb/v7e-m+fp/hard\libc_nano.a(libc_a-findfp.o) (_fwalk_sglue)
C:/ST/STM32CubeIDE_1.14.0/STM32CubeIDE/plugins/com.st.stm32cube.ide.mcu.externaltools.gnu-tools-for-stm32.11.3.rel1.win32_1.1.100.202309141235/tools/bin/../lib/gcc/arm-none-eabi/11.3.1/../../../../arm-none-eabi/lib/thumb/v7e-m+fp/hard\libc_nano.a(libc_a-stdio.o)
                              C:/ST/STM32CubeIDE_1.14.0/STM32CubeIDE/plugins/com.st.stm32cube.ide.mcu.externaltools.gnu-tools-for-stm32.11.3.rel1.win32_1.1.100.202309141235/tools/bin/../lib/gcc/arm-none-eabi/11.3.1/../../../../arm-none-eabi/lib/thumb/v7e-m+fp/hard\libc_nano.a(libc_a-findfp.o) (__sread)
C:/ST/STM32CubeIDE_1.14.0/STM32CubeIDE/plugins/com.st.stm32cube.ide.mcu.externaltools.gnu-tools-for-stm32.11.3.rel1.win32_1.1.100.202309141235/tools/bin/../lib/gcc/arm-none-eabi/11.3.1/../../../../arm-none-eabi/lib/thumb/v7e-m+fp/hard\libc_nano.a(libc_a-memset.o)
                              C:/ST/STM32CubeIDE_1.14.0/STM32CubeIDE/plugins/com.st.stm32cube.ide.mcu.externaltools.gnu-tools-for-stm32.11.3.rel1.win32_1.1.100.202309141235/tools/bin/../lib/gcc/arm-none-eabi/11.3.1/../../../../arm-none-eabi/lib/thumb/v7e-m+fp/hard/crt0.o (memset)
C:/ST/STM32CubeIDE_1.14.0/STM32CubeIDE/plugins/com.st.stm32cube.ide.mcu.externaltools.gnu-tools-for-stm32.11.3.rel1.win32_1.1.100.202309141235/tools/bin/../lib/gcc/arm-none-eabi/11.3.1/../../../../arm-none-eabi/lib/thumb/v7e-m+fp/hard\libc_nano.a(libc_a-closer.o)
                              C:/ST/STM32CubeIDE_1.14.0/STM32CubeIDE/plugins/com.st.stm32cube.ide.mcu.externaltools.gnu-tools-for-stm32.11.3.rel1.win32_1.1.100.202309141235/tools/bin/../lib/gcc/arm-none-eabi/11.3.1/../../../../arm-none-eabi/lib/thumb/v7e-m+fp/hard\libc_nano.a(libc_a-stdio.o) (_close_r)
C:/ST/STM32CubeIDE_1.14.0/STM32CubeIDE/plugins/com.st.stm32cube.ide.mcu.externaltools.gnu-tools-for-stm32.11.3.rel1.win32_1.1.100.202309141235/tools/bin/../lib/gcc/arm-none-eabi/11.3.1/../../../../arm-none-eabi/lib/thumb/v7e-m+fp/hard\libc_nano.a(libc_a-reent.o)
                              C:/ST/STM32CubeIDE_1.14.0/STM32CubeIDE/plugins/com.st.stm32cube.ide.mcu.externaltools.gnu-tools-for-stm32.11.3.rel1.win32_1.1.100.202309141235/tools/bin/../lib/gcc/arm-none-eabi/11.3.1/../../../../arm-none-eabi/lib/thumb/v7e-m+fp/hard\libc_nano.a(libc_a-closer.o) (errno)
C:/ST/STM32CubeIDE_1.14.0/STM32CubeIDE/plugins/com.st.stm32cube.ide.mcu.externaltools.gnu-tools-for-stm32.11.3.rel1.win32_1.1.100.202309141235/tools/bin/../lib/gcc/arm-none-eabi/11.3.1/../../../../arm-none-eabi/lib/thumb/v7e-m+fp/hard\libc_nano.a(libc_a-impure.o)
                              C:/ST/STM32CubeIDE_1.14.0/STM32CubeIDE/plugins/com.st.stm32cube.ide.mcu.externaltools.gnu-tools-for-stm32.11.3.rel1.win32_1.1.100.202309141235/tools/bin/../lib/gcc/arm-none-eabi/11.3.1/../../../../arm-none-eabi/lib/thumb/v7e-m+fp/hard\libc_nano.a(libc_a-reent.o) (_impure_ptr)
C:/ST/STM32CubeIDE_1.14.0/STM32CubeIDE/plugins/com.st.stm32cube.ide.mcu.externaltools.gnu-tools-for-stm32.11.3.rel1.win32_1.1.100.202309141235/tools/bin/../lib/gcc/arm-none-eabi/11.3.1/../../../../arm-none-eabi/lib/thumb/v7e-m+fp/hard\libc_nano.a(libc_a-lseekr.o)
[...]
Memory Configuration

Name             Origin             Length             Attributes
CCMRAM           0x0000000010000000 0x0000000000010000 xrw
RAM              0x0000000020000000 0x0000000000020000 xrw
FLASH            0x0000000008000000 0x0000000000100000 xr
*default*        0x0000000000000000 0xffffffffffffffff

Linker script and memory map

LOAD C:/ST/STM32CubeIDE_1.14.0/STM32CubeIDE/plugins/com.st.stm32cube.ide.mcu.externaltools.gnu-tools-for-stm32.11.3.rel1.win32_1.1.100.202309141235/tools/bin/../lib/gcc/arm-none-eabi/11.3.1/thumb/v7e-m+fp/hard/crti.o
LOAD C:/ST/STM32CubeIDE_1.14.0/STM32CubeIDE/plugins/com.st.stm32cube.ide.mcu.externaltools.gnu-tools-for-stm32.11.3.rel1.win32_1.1.100.202309141235/tools/bin/../lib/gcc/arm-none-eabi/11.3.1/thumb/v7e-m+fp/hard/crtbegin.o
LOAD C:/ST/STM32CubeIDE_1.14.0/STM32CubeIDE/plugins/com.st.stm32cube.ide.mcu.externaltools.gnu-tools-for-stm32.11.3.rel1.win32_1.1.100.202309141235/tools/bin/../lib/gcc/arm-none-eabi/11.3.1/../../../../arm-none-eabi/lib/thumb/v7e-m+fp/hard/crt0.o
LOAD ./Drivers/Src/FONT.o
LOAD ./Drivers/Src/ILI9341.o
LOAD ./Drivers/Src/RCC.o
LOAD ./Drivers/Src/SPI.o
LOAD ./Drivers/Src/gpio.o
LOAD ./Drivers/Src/systick.o
LOAD ./Drivers/Src/util.o
LOAD ./Src/main.o
LOAD ./Src/syscalls.o
LOAD ./Src/sysmem.o
LOAD ./Startup/startup_stm32f407vgtx.o
START GROUP
LOAD C:/ST/STM32CubeIDE_1.14.0/STM32CubeIDE/plugins/com.st.stm32cube.ide.mcu.externaltools.gnu-tools-for-stm32.11.3.rel1.win32_1.1.100.202309141235/tools/bin/../lib/gcc/arm-none-eabi/11.3.1/../../../../arm-none-eabi/lib/thumb/v7e-m+fp/hard\libc_nano.a
LOAD C:/ST/STM32CubeIDE_1.14.0/STM32CubeIDE/plugins/com.st.stm32cube.ide.mcu.externaltools.gnu-tools-for-stm32.11.3.rel1.win32_1.1.100.202309141235/tools/bin/../lib/gcc/arm-none-eabi/11.3.1/../../../../arm-none-eabi/lib/thumb/v7e-m+fp/hard\libm.a
END GROUP
START GROUP
LOAD C:/ST/STM32CubeIDE_1.14.0/STM32CubeIDE/plugins/com.st.stm32cube.ide.mcu.externaltools.gnu-tools-for-stm32.11.3.rel1.win32_1.1.100.202309141235/tools/bin/../lib/gcc/arm-none-eabi/11.3.1/thumb/v7e-m+fp/hard\libgcc.a
LOAD C:/ST/STM32CubeIDE_1.14.0/STM32CubeIDE/plugins/com.st.stm32cube.ide.mcu.externaltools.gnu-tools-for-stm32.11.3.rel1.win32_1.1.100.202309141235/tools/bin/../lib/gcc/arm-none-eabi/11.3.1/../../../../arm-none-eabi/lib/thumb/v7e-m+fp/hard\libc_nano.a
END GROUP
START GROUP
LOAD C:/ST/STM32CubeIDE_1.14.0/STM32CubeIDE/plugins/com.st.stm32cube.ide.mcu.externaltools.gnu-tools-for-stm32.11.3.rel1.win32_1.1.100.202309141235/tools/bin/../lib/gcc/arm-none-eabi/11.3.1/thumb/v7e-m+fp/hard\libgcc.a
LOAD C:/ST/STM32CubeIDE_1.14.0/STM32CubeIDE/plugins/com.st.stm32cube.ide.mcu.externaltools.gnu-tools-for-stm32.11.3.rel1.win32_1.1.100.202309141235/tools/bin/../lib/gcc/arm-none-eabi/11.3.1/../../../../arm-none-eabi/lib/thumb/v7e-m+fp/hard\libc_nano.a
LOAD C:/ST/STM32CubeIDE_1.14.0/STM32CubeIDE/plugins/com.st.stm32cube.ide.mcu.externaltools.gnu-tools-for-stm32.11.3.rel1.win32_1.1.100.202309141235/tools/bin/../lib/gcc/arm-none-eabi/11.3.1/../../../../arm-none-eabi/lib/thumb/v7e-m+fp/hard\libnosys.a
END GROUP
START GROUP
LOAD C:/ST/STM32CubeIDE_1.14.0/STM32CubeIDE/plugins/com.st.stm32cube.ide.mcu.externaltools.gnu-tools-for-stm32.11.3.rel1.win32_1.1.100.202309141235/tools/bin/../lib/gcc/arm-none-eabi/11.3.1/thumb/v7e-m+fp/hard\libgcc.a
LOAD C:/ST/STM32CubeIDE_1.14.0/STM32CubeIDE/plugins/com.st.stm32cube.ide.mcu.externaltools.gnu-tools-for-stm32.11.3.rel1.win32_1.1.100.202309141235/tools/bin/../lib/gcc/arm-none-eabi/11.3.1/../../../../arm-none-eabi/lib/thumb/v7e-m+fp/hard\libc_nano.a
LOAD C:/ST/STM32CubeIDE_1.14.0/STM32CubeIDE/plugins/com.st.stm32cube.ide.mcu.externaltools.gnu-tools-for-stm32.11.3.rel1.win32_1.1.100.202309141235/tools/bin/../lib/gcc/arm-none-eabi/11.3.1/../../../../arm-none-eabi/lib/thumb/v7e-m+fp/hard\libnosys.a
END GROUP
LOAD C:/ST/STM32CubeIDE_1.14.0/STM32CubeIDE/plugins/com.st.stm32cube.ide.mcu.externaltools.gnu-tools-for-stm32.11.3.rel1.win32_1.1.100.202309141235/tools/bin/../lib/gcc/arm-none-eabi/11.3.1/thumb/v7e-m+fp/hard/crtend.o
LOAD C:/ST/STM32CubeIDE_1.14.0/STM32CubeIDE/plugins/com.st.stm32cube.ide.mcu.externaltools.gnu-tools-for-stm32.11.3.rel1.win32_1.1.100.202309141235/tools/bin/../lib/gcc/arm-none-eabi/11.3.1/thumb/v7e-m+fp/hard/crtn.o
                0x0000000020020000                _estack = (ORIGIN (RAM) + LENGTH (RAM))
                0x0000000000000200                _Min_Heap_Size = 0x200
                0x0000000000000400                _Min_Stack_Size = 0x400

.isr_vector     0x0000000008000000      0x188
                0x0000000008000000                . = ALIGN (0x4)
 *(.isr_vector)
 .isr_vector    0x0000000008000000      0x188 ./Startup/startup_stm32f407vgtx.o
                0x0000000008000000                g_pfnVectors
                0x0000000008000188                . = ALIGN (0x4)

.text           0x0000000008000188     0x19f8
                0x0000000008000188                . = ALIGN (0x4)
 *(.text)
 .text          0x0000000008000188       0x40 C:/ST/STM32CubeIDE_1.14.0/STM32CubeIDE/plugins/com.st.stm32cube.ide.mcu.externaltools.gnu-tools-for-stm32.11.3.rel1.win32_1.1.100.202309141235/tools/bin/../lib/gcc/arm-none-eabi/11.3.1/thumb/v7e-m+fp/hard/crtbegin.o
 .text          0x00000000080001c8       0x10 C:/ST/STM32CubeIDE_1.14.0/STM32CubeIDE/plugins/com.st.stm32cube.ide.mcu.externaltools.gnu-tools-for-stm32.11.3.rel1.win32_1.1.100.202309141235/tools/bin/../lib/gcc/arm-none-eabi/11.3.1/../../../../arm-none-eabi/lib/thumb/v7e-m+fp/hard\libc_nano.a(libc_a-strlen.o)
                0x00000000080001c8                strlen
 *(.text*)
 .text.lcdInit  0x00000000080001d8      0x318 ./Drivers/Src/ILI9341.o
                0x00000000080001d8                lcdInit
 .text.lcdWriteCmd
                0x00000000080004f0       0x50 ./Drivers/Src/ILI9341.o
                0x00000000080004f0                lcdWriteCmd
 .text.lcdWriteData
                0x0000000008000540       0x4c ./Drivers/Src/ILI9341.o
                0x0000000008000540                lcdWriteData
 .text.lcdReset
                0x000000000800058c       0x2c ./Drivers/Src/ILI9341.o
                0x000000000800058c                lcdReset
 .text.lcdSetWriteArea
                0x00000000080005b8       0x8e ./Drivers/Src/ILI9341.o
                0x00000000080005b8                lcdSetWriteArea
 *fill*         0x0000000008000646        0x2 
 .text.lcdWriteArea
                0x0000000008000648       0x68 ./Drivers/Src/ILI9341.o
                0x0000000008000648                lcdWriteArea
 .text.lcdFill  0x00000000080006b0      0x12c ./Drivers/Src/ILI9341.o
                0x00000000080006b0                lcdFill
 .text.lcdWritePixel
                0x00000000080007dc       0x84 ./Drivers/Src/ILI9341.o
                0x00000000080007dc                lcdWritePixel
 .text.lcdWriteString
                0x0000000008000860      0x1c4 ./Drivers/Src/ILI9341.o
                0x0000000008000860                lcdWriteString
 .text.RCC_OscillatorConfig
                0x0000000008000a24      0x1f4 ./Drivers/Src/RCC.o
                0x0000000008000a24                RCC_OscillatorConfig
 .text.RCC_ClockConfig
                0x0000000008000c18      0x188 ./Drivers/Src/RCC.o
                0x0000000008000c18                RCC_ClockConfig
 .text.RCC_GetSysClockFreq
                0x0000000008000da0       0xd4 ./Drivers/Src/RCC.o
                0x0000000008000da0                RCC_GetSysClockFreq
 .text.spiClockControl
                0x0000000008000e74       0xb8 ./Drivers/Src/SPI.o
                0x0000000008000e74                spiClockControl
 .text.spiFlagCheck
                0x0000000008000f2c       0xa4 ./Drivers/Src/SPI.o
                0x0000000008000f2c                spiFlagCheck
 .text.spiInit  0x0000000008000fd0      0x190 ./Drivers/Src/SPI.o
                0x0000000008000fd0                spiInit
 .text.spiTransmit
                0x0000000008001160      0x132 ./Drivers/Src/SPI.o
                0x0000000008001160                spiTransmit
 *fill*         0x0000000008001292        0x2 
 .text.gpioInit
                0x0000000008001294      0x454 ./Drivers/Src/gpio.o
                0x0000000008001294                gpioInit
 .text.__NVIC_EnableIRQ
                0x00000000080016e8       0x3c ./Drivers/Src/systick.o
 .text.__NVIC_SetPriority
                0x0000000008001724       0x54 ./Drivers/Src/systick.o
 .text.delay    0x0000000008001778       0x2a ./Drivers/Src/systick.o
                0x0000000008001778                delay
 *fill*         0x00000000080017a2        0x2 
 .text.systickInit
                0x00000000080017a4       0x88 ./Drivers/Src/systick.o
                0x00000000080017a4                systickInit
 .text.getTicks
                0x000000000800182c       0x18 ./Drivers/Src/systick.o
                0x000000000800182c                getTicks
 .text.SysTick_Handler
                0x0000000008001844       0x1c ./Drivers/Src/systick.o
                0x0000000008001844                SysTick_Handler
 .text.ErrorHandler
                0x0000000008001860        0xe ./Drivers/Src/util.o
                0x0000000008001860                ErrorHandler
 *fill*         0x000000000800186e        0x2 
 .text.main     0x0000000008001870       0xdc ./Src/main.o
                0x0000000008001870                main
 .text.systemClockConfig
                0x000000000800194c       0x8a ./Src/main.o
                0x000000000800194c                systemClockConfig
 *fill*         0x00000000080019d6        0x2 
 .text.lcdConfig
                0x00000000080019d8       0xe4 ./Src/main.o
                0x00000000080019d8                lcdConfig
 .text.Reset_Handler
                0x0000000008001abc       0x50 ./Startup/startup_stm32f407vgtx.o
                0x0000000008001abc                Reset_Handler
 .text.Default_Handler
                0x0000000008001b0c        0x2 ./Startup/startup_stm32f407vgtx.o
                0x0000000008001b0c                RTC_Alarm_IRQHandler
                0x0000000008001b0c                HASH_RNG_IRQHandler
                0x0000000008001b0c                EXTI2_IRQHandler
                0x0000000008001b0c                TIM8_CC_IRQHandler
                0x0000000008001b0c                DebugMon_Handler
                0x0000000008001b0c                TIM1_CC_IRQHandler
                0x0000000008001b0c                DMA2_Stream5_IRQHandler
                0x0000000008001b0c                HardFault_Handler
                0x0000000008001b0c                DMA1_Stream5_IRQHandler
                0x0000000008001b0c                PVD_IRQHandler
                0x0000000008001b0c                SDIO_IRQHandler
                0x0000000008001b0c                TAMP_STAMP_IRQHandler
                0x0000000008001b0c                PendSV_Handler
                0x0000000008001b0c                NMI_Handler
                0x0000000008001b0c                CAN2_RX1_IRQHandler
                0x0000000008001b0c                EXTI3_IRQHandler
                0x0000000008001b0c                TIM8_TRG_COM_TIM14_IRQHandler
                0x0000000008001b0c                TIM1_UP_TIM10_IRQHandler
                0x0000000008001b0c                TIM8_UP_TIM13_IRQHandler
                0x0000000008001b0c                I2C3_ER_IRQHandler
                0x0000000008001b0c                EXTI0_IRQHandler
                0x0000000008001b0c                I2C2_EV_IRQHandler
                0x0000000008001b0c                DMA1_Stream2_IRQHandler
                0x0000000008001b0c                CAN1_RX0_IRQHandler
                0x0000000008001b0c                FPU_IRQHandler
                0x0000000008001b0c                OTG_HS_WKUP_IRQHandler
                0x0000000008001b0c                UsageFault_Handler
                0x0000000008001b0c                CAN2_SCE_IRQHandler
                0x0000000008001b0c                DMA2_Stream2_IRQHandler
                0x0000000008001b0c                SPI1_IRQHandler
                0x0000000008001b0c                TIM6_DAC_IRQHandler
                0x0000000008001b0c                TIM1_BRK_TIM9_IRQHandler
                0x0000000008001b0c                DCMI_IRQHandler
                0x0000000008001b0c                CAN2_RX0_IRQHandler
                0x0000000008001b0c                DMA2_Stream3_IRQHandler
                0x0000000008001b0c                USART6_IRQHandler
                0x0000000008001b0c                USART3_IRQHandler
                0x0000000008001b0c                CRYP_IRQHandler
                0x0000000008001b0c                CAN1_RX1_IRQHandler
                0x0000000008001b0c                UART5_IRQHandler
                0x0000000008001b0c                DMA2_Stream0_IRQHandler
                0x0000000008001b0c                TIM4_IRQHandler
                0x0000000008001b0c                I2C1_EV_IRQHandler
                0x0000000008001b0c                DMA1_Stream6_IRQHandler
                0x0000000008001b0c                DMA1_Stream1_IRQHandler
                0x0000000008001b0c                UART4_IRQHandler
                0x0000000008001b0c                TIM3_IRQHandler
                0x0000000008001b0c                RCC_IRQHandler
                0x0000000008001b0c                TIM8_BRK_TIM12_IRQHandler
                0x0000000008001b0c                Default_Handler
                0x0000000008001b0c                EXTI15_10_IRQHandler
                0x0000000008001b0c                ADC_IRQHandler
                0x0000000008001b0c                DMA1_Stream7_IRQHandler
                0x0000000008001b0c                TIM7_IRQHandler
                0x0000000008001b0c                CAN2_TX_IRQHandler
                0x0000000008001b0c                TIM5_IRQHandler
                0x0000000008001b0c                DMA2_Stream7_IRQHandler
                0x0000000008001b0c                I2C3_EV_IRQHandler
                0x0000000008001b0c                EXTI9_5_IRQHandler
                0x0000000008001b0c                RTC_WKUP_IRQHandler
                0x0000000008001b0c                ETH_WKUP_IRQHandler
                0x0000000008001b0c                SPI2_IRQHandler
                0x0000000008001b0c                OTG_HS_EP1_IN_IRQHandler
                0x0000000008001b0c                MemManage_Handler
                0x0000000008001b0c                DMA1_Stream0_IRQHandler
                0x0000000008001b0c                CAN1_TX_IRQHandler
                0x0000000008001b0c                SVC_Handler
                0x0000000008001b0c                EXTI4_IRQHandler
                0x0000000008001b0c                FSMC_IRQHandler
                0x0000000008001b0c                ETH_IRQHandler
                0x0000000008001b0c                OTG_HS_EP1_OUT_IRQHandler
                0x0000000008001b0c                WWDG_IRQHandler
                0x0000000008001b0c                TIM2_IRQHandler
                0x0000000008001b0c                OTG_FS_WKUP_IRQHandler
                0x0000000008001b0c                TIM1_TRG_COM_TIM11_IRQHandler
                0x0000000008001b0c                OTG_HS_IRQHandler
                0x0000000008001b0c                EXTI1_IRQHandler
                0x0000000008001b0c                USART2_IRQHandler
                0x0000000008001b0c                I2C2_ER_IRQHandler
                0x0000000008001b0c                DMA2_Stream1_IRQHandler
                0x0000000008001b0c                CAN1_SCE_IRQHandler
                0x0000000008001b0c                DMA2_Stream4_IRQHandler
                0x0000000008001b0c                BusFault_Handler
                0x0000000008001b0c                USART1_IRQHandler
                0x0000000008001b0c                OTG_FS_IRQHandler
                0x0000000008001b0c                SPI3_IRQHandler
                0x0000000008001b0c                DMA1_Stream4_IRQHandler
                0x0000000008001b0c                I2C1_ER_IRQHandler
                0x0000000008001b0c                DMA2_Stream6_IRQHandler
                0x0000000008001b0c                DMA1_Stream3_IRQHandler
 .text.memset   0x0000000008001b0e       0x10 C:/ST/STM32CubeIDE_1.14.0/STM32CubeIDE/plugins/com.st.stm32cube.ide.mcu.externaltools.gnu-tools-for-stm32.11.3.rel1.win32_1.1.100.202309141235/tools/bin/../lib/gcc/arm-none-eabi/11.3.1/../../../../arm-none-eabi/lib/thumb/v7e-m+fp/hard\libc_nano.a(libc_a-memset.o)
                0x0000000008001b0e                memset
 *fill*         0x0000000008001b1e        0x2 
 .text.__libc_init_array
                0x0000000008001b20       0x48 C:/ST/STM32CubeIDE_1.14.0/STM32CubeIDE/plugins/com.st.stm32cube.ide.mcu.externaltools.gnu-tools-for-stm32.11.3.rel1.win32_1.1.100.202309141235/tools/bin/../lib/gcc/arm-none-eabi/11.3.1/../../../../arm-none-eabi/lib/thumb/v7e-m+fp/hard\libc_nano.a(libc_a-init.o)
                0x0000000008001b20                __libc_init_array
 *(.glue_7)
 .glue_7        0x0000000008001b68        0x0 linker stubs
 *(.glue_7t)
 .glue_7t       0x0000000008001b68        0x0 linker stubs
 *(.eh_frame)
 .eh_frame      0x0000000008001b68        0x0 C:/ST/STM32CubeIDE_1.14.0/STM32CubeIDE/plugins/com.st.stm32cube.ide.mcu.externaltools.gnu-tools-for-stm32.11.3.rel1.win32_1.1.100.202309141235/tools/bin/../lib/gcc/arm-none-eabi/11.3.1/thumb/v7e-m+fp/hard/crtbegin.o
 *(.init)
 .init          0x0000000008001b68        0x4 C:/ST/STM32CubeIDE_1.14.0/STM32CubeIDE/plugins/com.st.stm32cube.ide.mcu.externaltools.gnu-tools-for-stm32.11.3.rel1.win32_1.1.100.202309141235/tools/bin/../lib/gcc/arm-none-eabi/11.3.1/thumb/v7e-m+fp/hard/crti.o
                0x0000000008001b68                _init
 .init          0x0000000008001b6c        0x8 C:/ST/STM32CubeIDE_1.14.0/STM32CubeIDE/plugins/com.st.stm32cube.ide.mcu.externaltools.gnu-tools-for-stm32.11.3.rel1.win32_1.1.100.202309141235/tools/bin/../lib/gcc/arm-none-eabi/11.3.1/thumb/v7e-m+fp/hard/crtn.o
 *(.fini)
 .fini          0x0000000008001b74        0x4 C:/ST/STM32CubeIDE_1.14.0/STM32CubeIDE/plugins/com.st.stm32cube.ide.mcu.externaltools.gnu-tools-for-stm32.11.3.rel1.win32_1.1.100.202309141235/tools/bin/../lib/gcc/arm-none-eabi/11.3.1/thumb/v7e-m+fp/hard/crti.o
                0x0000000008001b74                _fini
 .fini          0x0000000008001b78        0x8 C:/ST/STM32CubeIDE_1.14.0/STM32CubeIDE/plugins/com.st.stm32cube.ide.mcu.externaltools.gnu-tools-for-stm32.11.3.rel1.win32_1.1.100.202309141235/tools/bin/../lib/gcc/arm-none-eabi/11.3.1/thumb/v7e-m+fp/hard/crtn.o
                0x0000000008001b80                . = ALIGN (0x4)
                0x0000000008001b80                _etext = .

.vfp11_veneer   0x0000000008001b80        0x0
 .vfp11_veneer  0x0000000008001b80        0x0 linker stubs

.v4_bx          0x0000000008001b80        0x0
 .v4_bx         0x0000000008001b80        0x0 linker stubs

.iplt           0x0000000008001b80        0x0
 .iplt          0x0000000008001b80        0x0 C:/ST/STM32CubeIDE_1.14.0/STM32CubeIDE/plugins/com.st.stm32cube.ide.mcu.externaltools.gnu-tools-for-stm32.11.3.rel1.win32_1.1.100.202309141235/tools/bin/../lib/gcc/arm-none-eabi/11.3.1/thumb/v7e-m+fp/hard/crtbegin.o

.rodata         0x0000000008001b80     0x3790
                0x0000000008001b80                . = ALIGN (0x4)
 *(.rodata)
 .rodata        0x0000000008001b80       0x1d ./Src/main.o
 *(.rodata*)
 *fill*         0x0000000008001b9d        0x3 
 .rodata.Arial24x24
                0x0000000008001ba0     0x1a88 ./Drivers/Src/FONT.o
                0x0000000008001ba0                Arial24x24
 .rodata.Arial24x24_t
                0x0000000008003628      0x400 ./Drivers/Src/FONT.o
                0x0000000008003628                Arial24x24_t
 .rodata.Arial32x32Bold
                0x0000000008003a28      0x680 ./Drivers/Src/FONT.o
                0x0000000008003a28                Arial32x32Bold
 .rodata.Arial32x32Bold_t
                0x00000000080040a8      0x400 ./Drivers/Src/FONT.o
                0x00000000080040a8                Arial32x32Bold_t
 .rodata.full_network
                0x00000000080044a8      0x480 ./Drivers/Src/FONT.o
                0x00000000080044a8                full_network
 .rodata.battery_box
                0x0000000008004928      0x600 ./Drivers/Src/FONT.o
                0x0000000008004928                battery_box
 .rodata.battery_100
                0x0000000008004f28      0x3e8 ./Drivers/Src/FONT.o
                0x0000000008004f28                battery_100
                0x0000000008005310                . = ALIGN (0x4)

.rel.dyn        0x0000000008005310        0x0
 .rel.iplt      0x0000000008005310        0x0 C:/ST/STM32CubeIDE_1.14.0/STM32CubeIDE/plugins/com.st.stm32cube.ide.mcu.externaltools.gnu-tools-for-stm32.11.3.rel1.win32_1.1.100.202309141235/tools/bin/../lib/gcc/arm-none-eabi/11.3.1/thumb/v7e-m+fp/hard/crtbegin.o

.ARM.extab      0x0000000008005310        0x0
                0x0000000008005310                . = ALIGN (0x4)
 *(.ARM.extab* .gnu.linkonce.armextab.*)
                0x0000000008005310                . = ALIGN (0x4)

.ARM            0x0000000008005310        0x0
                0x0000000008005310                . = ALIGN (0x4)
                0x0000000008005310                __exidx_start = .
 *(.ARM.exidx*)
                0x0000000008005310                __exidx_end = .
                0x0000000008005310                . = ALIGN (0x4)

.preinit_array  0x0000000008005310        0x0
                0x0000000008005310                . = ALIGN (0x4)
                0x0000000008005310                PROVIDE (__preinit_array_start = .)
 *(.preinit_array*)
                0x0000000008005310                PROVIDE (__preinit_array_end = .)
                0x0000000008005310                . = ALIGN (0x4)

.init_array     0x0000000008005310        0x4
                0x0000000008005310                . = ALIGN (0x4)
                0x0000000008005310                PROVIDE (__init_array_start = .)
 *(SORT_BY_NAME(.init_array.*))
 *(.init_array*)
 .init_array    0x0000000008005310        0x4 C:/ST/STM32CubeIDE_1.14.0/STM32CubeIDE/plugins/com.st.stm32cube.ide.mcu.externaltools.gnu-tools-for-stm32.11.3.rel1.win32_1.1.100.202309141235/tools/bin/../lib/gcc/arm-none-eabi/11.3.1/thumb/v7e-m+fp/hard/crtbegin.o
                0x0000000008005314                PROVIDE (__init_array_end = .)
                0x0000000008005314                . = ALIGN (0x4)

.fini_array     0x0000000008005314        0x4
                0x0000000008005314                . = ALIGN (0x4)
                [!provide]                        PROVIDE (__fini_array_start = .)
 *(SORT_BY_NAME(.fini_array.*))
 *(.fini_array*)
 .fini_array    0x0000000008005314        0x4 C:/ST/STM32CubeIDE_1.14.0/STM32CubeIDE/plugins/com.st.stm32cube.ide.mcu.externaltools.gnu-tools-for-stm32.11.3.rel1.win32_1.1.100.202309141235/tools/bin/../lib/gcc/arm-none-eabi/11.3.1/thumb/v7e-m+fp/hard/crtbegin.o
                [!provide]                        PROVIDE (__fini_array_end = .)
                0x0000000008005318                . = ALIGN (0x4)
                0x0000000008005318                _sidata = LOADADDR (.data)

.data           0x0000000020000000        0x0 load address 0x0000000008005318
                0x0000000020000000                . = ALIGN (0x4)
                0x0000000020000000                _sdata = .
 *(.data)
 *(.data*)
 *(.RamFunc)
 *(.RamFunc*)
                0x0000000020000000                . = ALIGN (0x4)
                0x0000000020000000                _edata = .
                0x0000000008005318                _siccmram = LOADADDR (.ccmram)

.igot.plt       0x0000000020000000        0x0 load address 0x0000000008005318
 .igot.plt      0x0000000020000000        0x0 C:/ST/STM32CubeIDE_1.14.0/STM32CubeIDE/plugins/com.st.stm32cube.ide.mcu.externaltools.gnu-tools-for-stm32.11.3.rel1.win32_1.1.100.202309141235/tools/bin/../lib/gcc/arm-none-eabi/11.3.1/thumb/v7e-m+fp/hard/crtbegin.o

.ccmram         0x0000000010000000        0x0 load address 0x0000000008005318
                0x0000000010000000                . = ALIGN (0x4)
                0x0000000010000000                _sccmram = .
 *(.ccmram)
 *(.ccmram*)
                0x0000000010000000                . = ALIGN (0x4)
                0x0000000010000000                _eccmram = .
                0x0000000010000000                . = ALIGN (0x4)

.bss            0x0000000020000000       0x58
                0x0000000020000000                _sbss = .
                0x0000000020000000                __bss_start__ = _sbss
 *(.bss)
 .bss           0x0000000020000000       0x1c C:/ST/STM32CubeIDE_1.14.0/STM32CubeIDE/plugins/com.st.stm32cube.ide.mcu.externaltools.gnu-tools-for-stm32.11.3.rel1.win32_1.1.100.202309141235/tools/bin/../lib/gcc/arm-none-eabi/11.3.1/thumb/v7e-m+fp/hard/crtbegin.o
 *(.bss*)
 .bss.current_ticks
                0x000000002000001c        0x4 ./Drivers/Src/systick.o
                0x000000002000001c                current_ticks
 .bss.spiHandleStruct
                0x0000000020000020       0x38 ./Src/main.o
                0x0000000020000020                spiHandleStruct
 *(COMMON)
                0x0000000020000058                . = ALIGN (0x4)
                0x0000000020000058                _ebss = .
                0x0000000020000058                __bss_end__ = _ebss

._user_heap_stack
                0x0000000020000058      0x600
                0x0000000020000058                . = ALIGN (0x8)
                [!provide]                        PROVIDE (end = .)
                0x0000000020000058                PROVIDE (_end = .)
                0x0000000020000258                . = (. + _Min_Heap_Size)
 *fill*         0x0000000020000058      0x200 
                0x0000000020000658                . = (. + _Min_Stack_Size)
 *fill*         0x0000000020000258      0x400 
                0x0000000020000658                . = ALIGN (0x8)

/DISCARD/
 libc.a(*)
 libm.a(*)
 libgcc.a(*)

.ARM.attributes
                0x0000000000000000       0x30
 *(.ARM.attributes)
 .ARM.attributes
                0x0000000000000000       0x1e C:/ST/STM32CubeIDE_1.14.0/STM32CubeIDE/plugins/com.st.stm32cube.ide.mcu.externaltools.gnu-tools-for-stm32.11.3.rel1.win32_1.1.100.202309141235/tools/bin/../lib/gcc/arm-none-eabi/11.3.1/thumb/v7e-m+fp/hard/crti.o
 .ARM.attributes
                0x000000000000001e       0x34 C:/ST/STM32CubeIDE_1.14.0/STM32CubeIDE/plugins/com.st.stm32cube.ide.mcu.externaltools.gnu-tools-for-stm32.11.3.rel1.win32_1.1.100.202309141235/tools/bin/../lib/gcc/arm-none-eabi/11.3.1/thumb/v7e-m+fp/hard/crtbegin.o
 .ARM.attributes
                0x0000000000000052       0x34 ./Drivers/Src/FONT.o
 .ARM.attributes
                0x0000000000000086       0x34 ./Drivers/Src/ILI9341.o
 .ARM.attributes
                0x00000000000000ba       0x34 ./Drivers/Src/RCC.o
 .ARM.attributes
                0x00000000000000ee       0x34 ./Drivers/Src/SPI.o
 .ARM.attributes
                0x0000000000000122       0x34 ./Drivers/Src/gpio.o
 .ARM.attributes
                0x0000000000000156       0x34 ./Drivers/Src/systick.o
 .ARM.attributes
                0x000000000000018a       0x34 ./Drivers/Src/util.o
 .ARM.attributes
                0x00000000000001be       0x34 ./Src/main.o
 .ARM.attributes
                0x00000000000001f2       0x21 ./Startup/startup_stm32f407vgtx.o
 .ARM.attributes
                0x0000000000000213       0x34 C:/ST/STM32CubeIDE_1.14.0/STM32CubeIDE/plugins/com.st.stm32cube.ide.mcu.externaltools.gnu-tools-for-stm32.11.3.rel1.win32_1.1.100.202309141235/tools/bin/../lib/gcc/arm-none-eabi/11.3.1/../../../../arm-none-eabi/lib/thumb/v7e-m+fp/hard\libc_nano.a(libc_a-memset.o)
 .ARM.attributes
                0x0000000000000247       0x34 C:/ST/STM32CubeIDE_1.14.0/STM32CubeIDE/plugins/com.st.stm32cube.ide.mcu.externaltools.gnu-tools-for-stm32.11.3.rel1.win32_1.1.100.202309141235/tools/bin/../lib/gcc/arm-none-eabi/11.3.1/../../../../arm-none-eabi/lib/thumb/v7e-m+fp/hard\libc_nano.a(libc_a-init.o)
 .ARM.attributes
                0x000000000000027b       0x17 C:/ST/STM32CubeIDE_1.14.0/STM32CubeIDE/plugins/com.st.stm32cube.ide.mcu.externaltools.gnu-tools-for-stm32.11.3.rel1.win32_1.1.100.202309141235/tools/bin/../lib/gcc/arm-none-eabi/11.3.1/../../../../arm-none-eabi/lib/thumb/v7e-m+fp/hard\libc_nano.a(libc_a-strlen.o)
 .ARM.attributes
                0x0000000000000292       0x1e C:/ST/STM32CubeIDE_1.14.0/STM32CubeIDE/plugins/com.st.stm32cube.ide.mcu.externaltools.gnu-tools-for-stm32.11.3.rel1.win32_1.1.100.202309141235/tools/bin/../lib/gcc/arm-none-eabi/11.3.1/thumb/v7e-m+fp/hard/crtn.o
OUTPUT(ILI9341 Display Driver.elf elf32-littlearm)
LOAD linker stubs
LOAD C:/ST/STM32CubeIDE_1.14.0/STM32CubeIDE/plugins/com.st.stm32cube.ide.mcu.externaltools.gnu-tools-for-stm32.11.3.rel1.win32_1.1.100.202309141235/tools/bin/../lib/gcc/arm-none-eabi/11.3.1/../../../../arm-none-eabi/lib/thumb/v7e-m+fp/hard\libc.a
LOAD C:/ST/STM32CubeIDE_1.14.0/STM32CubeIDE/plugins/com.st.stm32cube.ide.mcu.externaltools.gnu-tools-for-stm32.11.3.rel1.win32_1.1.100.202309141235/tools/bin/../lib/gcc/arm-none-eabi/11.3.1/../../../../arm-none-eabi/lib/thumb/v7e-m+fp/hard\libm.a
LOAD C:/ST/STM32CubeIDE_1.14.0/STM32CubeIDE/plugins/com.st.stm32cube.ide.mcu.externaltools.gnu-tools-for-stm32.11.3.rel1.win32_1.1.100.202309141235/tools/bin/../lib/gcc/arm-none-eabi/11.3.1/thumb/v7e-m+fp/hard\libgcc.a

.comment        0x0000000000000000       0x43
 .comment       0x0000000000000000       0x43 C:/ST/STM32CubeIDE_1.14.0/STM32CubeIDE/plugins/com.st.stm32cube.ide.mcu.externaltools.gnu-tools-for-stm32.11.3.rel1.win32_1.1.100.202309141235/tools/bin/../lib/gcc/arm-none-eabi/11.3.1/thumb/v7e-m+fp/hard/crtbegin.o
                                         0x44 (size before relaxing)
 .comment       0x0000000000000043       0x44 ./Drivers/Src/FONT.o
 .comment       0x0000000000000043       0x44 ./Drivers/Src/ILI9341.o
 .comment       0x0000000000000043       0x44 ./Drivers/Src/RCC.o
 .comment       0x0000000000000043       0x44 ./Drivers/Src/SPI.o
 .comment       0x0000000000000043       0x44 ./Drivers/Src/gpio.o
 .comment       0x0000000000000043       0x44 ./Drivers/Src/systick.o
 .comment       0x0000000000000043       0x44 ./Drivers/Src/util.o
 .comment       0x0000000000000043       0x44 ./Src/main.o

.debug_info     0x0000000000000000     0x2f3c
 .debug_info    0x0000000000000000      0x285 ./Drivers/Src/FONT.o
 .debug_info    0x0000000000000285      0x9f3 ./Drivers/Src/ILI9341.o
 .debug_info    0x0000000000000c78      0x4ed ./Drivers/Src/RCC.o
 .debug_info    0x0000000000001165      0x7dd ./Drivers/Src/SPI.o
 .debug_info    0x0000000000001942      0x587 ./Drivers/Src/gpio.o
 .debug_info    0x0000000000001ec9      0x70f ./Drivers/Src/systick.o
 .debug_info    0x00000000000025d8       0x91 ./Drivers/Src/util.o
 .debug_info    0x0000000000002669      0x8b0 ./Src/main.o
 .debug_info    0x0000000000002f19       0x23 ./Startup/startup_stm32f407vgtx.o

.debug_abbrev   0x0000000000000000      0xc2b
 .debug_abbrev  0x0000000000000000       0xa1 ./Drivers/Src/FONT.o
 .debug_abbrev  0x00000000000000a1      0x24e ./Drivers/Src/ILI9341.o
 .debug_abbrev  0x00000000000002ef      0x165 ./Drivers/Src/RCC.o
 .debug_abbrev  0x0000000000000454      0x21d ./Drivers/Src/SPI.o
 .debug_abbrev  0x0000000000000671      0x1c4 ./Drivers/Src/gpio.o
 .debug_abbrev  0x0000000000000835      0x1e4 ./Drivers/Src/systick.o
 .debug_abbrev  0x0000000000000a19       0x45 ./Drivers/Src/util.o
 .debug_abbrev  0x0000000000000a5e      0x1bb ./Src/main.o
 .debug_abbrev  0x0000000000000c19       0x12 ./Startup/startup_stm32f407vgtx.o

.debug_aranges  0x0000000000000000      0x238
 .debug_aranges
                0x0000000000000000       0x18 ./Drivers/Src/FONT.o
 .debug_aranges
                0x0000000000000018       0x68 ./Drivers/Src/ILI9341.o
 .debug_aranges
                0x0000000000000080       0x30 ./Drivers/Src/RCC.o
 .debug_aranges
                0x00000000000000b0       0x78 ./Drivers/Src/SPI.o
 .debug_aranges
                0x0000000000000128       0x48 ./Drivers/Src/gpio.o
 .debug_aranges
                0x0000000000000170       0x50 ./Drivers/Src/systick.o
 .debug_aranges
                0x00000000000001c0       0x20 ./Drivers/Src/util.o
 .debug_aranges
                0x00000000000001e0       0x30 ./Src/main.o
 .debug_aranges
                0x0000000000000210       0x28 ./Startup/startup_stm32f407vgtx.o

.debug_macro    0x0000000000000000    0x1a51c
 .debug_macro   0x0000000000000000       0x6d ./Drivers/Src/FONT.o
 .debug_macro   0x000000000000006d      0xab4 ./Drivers/Src/FONT.o
 .debug_macro   0x0000000000000b21       0x22 ./Drivers/Src/FONT.o
 .debug_macro   0x0000000000000b43       0x8e ./Drivers/Src/FONT.o
 .debug_macro   0x0000000000000bd1       0x51 ./Drivers/Src/FONT.o
 .debug_macro   0x0000000000000c22      0x103 ./Drivers/Src/FONT.o
 .debug_macro   0x0000000000000d25       0x6a ./Drivers/Src/FONT.o
 .debug_macro   0x0000000000000d8f      0x1df ./Drivers/Src/FONT.o
 .debug_macro   0x0000000000000f6e      0x243 ./Drivers/Src/ILI9341.o
 .debug_macro   0x00000000000011b1       0x61 ./Drivers/Src/ILI9341.o
 .debug_macro   0x0000000000001212       0x2a ./Drivers/Src/ILI9341.o
 .debug_macro   0x000000000000123c       0x43 ./Drivers/Src/ILI9341.o
 .debug_macro   0x000000000000127f       0x34 ./Drivers/Src/ILI9341.o
 .debug_macro   0x00000000000012b3      0x174 ./Drivers/Src/ILI9341.o
 .debug_macro   0x0000000000001427       0x16 ./Drivers/Src/ILI9341.o
 .debug_macro   0x000000000000143d       0x43 ./Drivers/Src/ILI9341.o
 .debug_macro   0x0000000000001480       0x34 ./Drivers/Src/ILI9341.o
 .debug_macro   0x00000000000014b4       0x10 ./Drivers/Src/ILI9341.o
 .debug_macro   0x00000000000014c4       0x58 ./Drivers/Src/ILI9341.o
 .debug_macro   0x000000000000151c       0x8e ./Drivers/Src/ILI9341.o
 .debug_macro   0x00000000000015aa       0x1c ./Drivers/Src/ILI9341.o
 .debug_macro   0x00000000000015c6      0x177 ./Drivers/Src/ILI9341.o
 .debug_macro   0x000000000000173d      0x369 ./Drivers/Src/ILI9341.o
 .debug_macro   0x0000000000001aa6       0x10 ./Drivers/Src/ILI9341.o
 .debug_macro   0x0000000000001ab6       0x35 ./Drivers/Src/ILI9341.o
 .debug_macro   0x0000000000001aeb       0x20 ./Drivers/Src/ILI9341.o
 .debug_macro   0x0000000000001b0b       0x2f ./Drivers/Src/ILI9341.o
 .debug_macro   0x0000000000001b3a       0x1c ./Drivers/Src/ILI9341.o
 .debug_macro   0x0000000000001b56       0x22 ./Drivers/Src/ILI9341.o
 .debug_macro   0x0000000000001b78       0xfb ./Drivers/Src/ILI9341.o
 .debug_macro   0x0000000000001c73     0x1011 ./Drivers/Src/ILI9341.o
 .debug_macro   0x0000000000002c84      0x11f ./Drivers/Src/ILI9341.o
 .debug_macro   0x0000000000002da3    0x15e97 ./Drivers/Src/ILI9341.o
 .debug_macro   0x0000000000018c3a       0x2e ./Drivers/Src/ILI9341.o
 .debug_macro   0x0000000000018c68       0x6d ./Drivers/Src/ILI9341.o
 .debug_macro   0x0000000000018cd5       0x1c ./Drivers/Src/ILI9341.o
 .debug_macro   0x0000000000018cf1       0x10 ./Drivers/Src/ILI9341.o
 .debug_macro   0x0000000000018d01       0x1c ./Drivers/Src/ILI9341.o
 .debug_macro   0x0000000000018d1d       0x16 ./Drivers/Src/ILI9341.o
 .debug_macro   0x0000000000018d33      0x147 ./Drivers/Src/ILI9341.o
 .debug_macro   0x0000000000018e7a       0x34 ./Drivers/Src/ILI9341.o
 .debug_macro   0x0000000000018eae       0x16 ./Drivers/Src/ILI9341.o
 .debug_macro   0x0000000000018ec4      0x1da ./Drivers/Src/ILI9341.o
 .debug_macro   0x000000000001909e       0xb2 ./Drivers/Src/ILI9341.o
 .debug_macro   0x0000000000019150      0x14e ./Drivers/Src/ILI9341.o
 .debug_macro   0x000000000001929e      0x2d3 ./Drivers/Src/ILI9341.o
 .debug_macro   0x0000000000019571      0x1e8 ./Drivers/Src/RCC.o
 .debug_macro   0x0000000000019759       0x16 ./Drivers/Src/RCC.o
 .debug_macro   0x000000000001976f       0x97 ./Drivers/Src/RCC.o
 .debug_macro   0x0000000000019806       0xfd ./Drivers/Src/RCC.o
 .debug_macro   0x0000000000019903       0x16 ./Drivers/Src/RCC.o
 .debug_macro   0x0000000000019919      0x1f7 ./Drivers/Src/SPI.o
 .debug_macro   0x0000000000019b10      0x1f7 ./Drivers/Src/gpio.o
 .debug_macro   0x0000000000019d07      0x148 ./Drivers/Src/gpio.o
 .debug_macro   0x0000000000019e4f      0x1e8 ./Drivers/Src/systick.o
 .debug_macro   0x000000000001a037      0x1ba ./Drivers/Src/util.o
 .debug_macro   0x000000000001a1f1      0x25d ./Src/main.o
 .debug_macro   0x000000000001a44e       0xb8 ./Src/main.o
 .debug_macro   0x000000000001a506       0x16 ./Src/main.o

.debug_line     0x0000000000000000     0x4474
 .debug_line    0x0000000000000000      0x43c ./Drivers/Src/FONT.o
 .debug_line    0x000000000000043c      0xb0a ./Drivers/Src/ILI9341.o
 .debug_line    0x0000000000000f46      0x945 ./Drivers/Src/RCC.o
 .debug_line    0x000000000000188b      0xb97 ./Drivers/Src/SPI.o
 .debug_line    0x0000000000002422      0x92b ./Drivers/Src/gpio.o
 .debug_line    0x0000000000002d4d      0x7e5 ./Drivers/Src/systick.o
 .debug_line    0x0000000000003532      0x6b8 ./Drivers/Src/util.o
 .debug_line    0x0000000000003bea      0x80f ./Src/main.o
 .debug_line    0x00000000000043f9       0x7b ./Startup/startup_stm32f407vgtx.o

.debug_str      0x0000000000000000    0x8ec5d
 .debug_str     0x0000000000000000     0x3c75 ./Drivers/Src/FONT.o
                                       0x3dec (size before relaxing)
 .debug_str     0x0000000000003c75    0x8a3aa ./Drivers/Src/ILI9341.o
                                      0x8e1c7 (size before relaxing)
 .debug_str     0x000000000008e01f      0x27d ./Drivers/Src/RCC.o
                                      0x8cba8 (size before relaxing)
 .debug_str     0x000000000008e29c      0x1b1 ./Drivers/Src/SPI.o
                                      0x8d19f (size before relaxing)
 .debug_str     0x000000000008e44d      0x14e ./Drivers/Src/gpio.o
                                      0x8d1b5 (size before relaxing)
 .debug_str     0x000000000008e59b      0x60a ./Drivers/Src/systick.o
                                      0x8cfce (size before relaxing)
 .debug_str     0x000000000008eba5       0x23 ./Drivers/Src/util.o
                                      0x8bf59 (size before relaxing)
 .debug_str     0x000000000008ebc8       0x66 ./Src/main.o
                                      0x8e31c (size before relaxing)
 .debug_str     0x000000000008ec2e       0x2f ./Startup/startup_stm32f407vgtx.o
                                         0x5e (size before relaxing)

.debug_rnglists
                0x0000000000000000      0x189
 .debug_rnglists
                0x0000000000000000       0x4f ./Drivers/Src/ILI9341.o
 .debug_rnglists
                0x000000000000004f       0x22 ./Drivers/Src/RCC.o
 .debug_rnglists
                0x0000000000000071       0x5f ./Drivers/Src/SPI.o
 .debug_rnglists
                0x00000000000000d0       0x33 ./Drivers/Src/gpio.o
 .debug_rnglists
                0x0000000000000103       0x38 ./Drivers/Src/systick.o
 .debug_rnglists
                0x000000000000013b       0x13 ./Drivers/Src/util.o
 .debug_rnglists
                0x000000000000014e       0x22 ./Src/main.o
 .debug_rnglists
                0x0000000000000170       0x19 ./Startup/startup_stm32f407vgtx.o

.debug_frame    0x0000000000000000      0x6dc
 .debug_frame   0x0000000000000000      0x180 ./Drivers/Src/ILI9341.o
 .debug_frame   0x0000000000000180       0x88 ./Drivers/Src/RCC.o
 .debug_frame   0x0000000000000208      0x1dc ./Drivers/Src/SPI.o
 .debug_frame   0x00000000000003e4       0xf8 ./Drivers/Src/gpio.o
 .debug_frame   0x00000000000004dc      0x10c ./Drivers/Src/systick.o
 .debug_frame   0x00000000000005e8       0x30 ./Drivers/Src/util.o
 .debug_frame   0x0000000000000618       0x78 ./Src/main.o
 .debug_frame   0x0000000000000690       0x20 C:/ST/STM32CubeIDE_1.14.0/STM32CubeIDE/plugins/com.st.stm32cube.ide.mcu.externaltools.gnu-tools-for-stm32.11.3.rel1.win32_1.1.100.202309141235/tools/bin/../lib/gcc/arm-none-eabi/11.3.1/../../../../arm-none-eabi/lib/thumb/v7e-m+fp/hard\libc_nano.a(libc_a-memset.o)
 .debug_frame   0x00000000000006b0       0x2c C:/ST/STM32CubeIDE_1.14.0/STM32CubeIDE/plugins/com.st.stm32cube.ide.mcu.externaltools.gnu-tools-for-stm32.11.3.rel1.win32_1.1.100.202309141235/tools/bin/../lib/gcc/arm-none-eabi/11.3.1/../../../../arm-none-eabi/lib/thumb/v7e-m+fp/hard\libc_nano.a(libc_a-init.o)

.debug_line_str
                0x0000000000000000       0x52
 .debug_line_str
                0x0000000000000000       0x52 ./Startup/startup_stm32f407vgtx.o
                                         0x6a (size before relaxing)
